main.c:196:6:delayMicro	16	static
main.c:214:10:millis	4	static
main.c:227:6:read_AllTemp	8	static
main.c:250:6:read_ADC1	8	static
main.c:275:9:info_user_transmit	584	static
main.c:297:9:info_app_transmit	288	static
main.c:319:6:reset_flags	16	static
main.c:330:5:main	16	static
main.c:453:6:SystemClock_Config	88	static
main.c:499:13:MX_ADC1_Init	24	static
main.c:582:13:MX_I2C1_Init	8	static
main.c:616:13:MX_IWDG_Init	8	static
main.c:644:13:MX_TIM2_Init	72	static
main.c:718:13:MX_TIM9_Init	24	static
main.c:756:13:MX_TIM10_Init	8	static
main.c:787:13:MX_TIM11_Init	8	static
main.c:818:13:MX_USART1_UART_Init	8	static
main.c:851:13:MX_USART2_UART_Init	8	static
main.c:882:13:MX_DMA_Init	16	static
main.c:907:13:MX_GPIO_Init	48	static
main.c:970:6:HAL_TIM_PeriodElapsedCallback	16	static
main.c:1006:6:HAL_TIM_IC_CaptureCallback	24	static
main.c:1031:6:HAL_UART_RxCpltCallback	16	static
main.c:1069:6:HAL_GPIO_EXTI_Callback	16	static
main.c:1108:6:Error_Handler	4	static,ignoring_inline_asm
